// Jest Snapshot v1, https://goo.gl/fbAQLP

exports[`<CartBadge /> should render 1`] = `
<CartButtonBadge
  count={1}
>
  <div
    className={
      Object {
        "data-css-7g35sj": "",
      }
    }
  >
    1
  </div>
</CartButtonBadge>
`;
